Overriding memory to 4096 MB alters the task from its intended configuration. This could disqualify you from leaderboard submissions for some benchmarks.
Overriding memory to 4096 MB alters the task from its intended configuration. This could disqualify you from leaderboard submissions for some benchmarks.
Overriding memory to 4096 MB alters the task from its intended configuration. This could disqualify you from leaderboard submissions for some benchmarks.
Overriding memory to 4096 MB alters the task from its intended configuration. This could disqualify you from leaderboard submissions for some benchmarks.
No trajectory file found at .arena/runs/run-20260401-014908-77e769/run-20260401-014908-77e769/officeqa-uid0111__JwCVYLZ/agent/trajectory.json
Trial officeqa-uid0111__JwCVYLZ failed: LLM_API_KEY or OPENROUTER_API_KEY environment variable must be set
No trajectory file found at .arena/runs/run-20260401-014908-77e769/run-20260401-014908-77e769/officeqa-uid0127__7ktHtFP/agent/trajectory.json
Trial officeqa-uid0127__7ktHtFP failed: LLM_API_KEY or OPENROUTER_API_KEY environment variable must be set
Not retrying trial because the maximum number of retries has been reached
Overriding memory to 4096 MB alters the task from its intended configuration. This could disqualify you from leaderboard submissions for some benchmarks.
No trajectory file found at .arena/runs/run-20260401-014908-77e769/run-20260401-014908-77e769/officeqa-uid0030__Y2xV4zk/agent/trajectory.json
Trial officeqa-uid0030__Y2xV4zk failed: LLM_API_KEY or OPENROUTER_API_KEY environment variable must be set
No trajectory file found at .arena/runs/run-20260401-014908-77e769/run-20260401-014908-77e769/officeqa-uid0097__bGWSjjb/agent/trajectory.json
Trial officeqa-uid0097__bGWSjjb failed: LLM_API_KEY or OPENROUTER_API_KEY environment variable must be set
Not retrying trial because the maximum number of retries has been reached
Not retrying trial because the maximum number of retries has been reached
Not retrying trial because the maximum number of retries has been reached
No trajectory file found at .arena/runs/run-20260401-014908-77e769/run-20260401-014908-77e769/officeqa-uid0192__a58UXBD/agent/trajectory.json
Trial officeqa-uid0192__a58UXBD failed: LLM_API_KEY or OPENROUTER_API_KEY environment variable must be set
Not retrying trial because the maximum number of retries has been reached
